1785127877009606331
1785127877851326519
1785127879037474672
1785127884523396059
1785127884999568248
1785127886561966600
1785127887030784254
1785127888545803442
1785127888585829906
1785127891793714481
1785127892801367010
1785127892902825316
1785127894325855711
1785127894844040179
1785127896872013815
1785127900555533959 20.39
1785127900908041445 20.82
1785127902082515768 20.83
1785127902448207343 26.78
1785127904107433396 25.12
1785127905695988159 25.09
1785127907639485918 23.29
1785127907743740082 25.00
1785127909662744783 22.77
1785127911182781994 24.76
1785127913683317415 22.99
1785127915899785752 20.87
1785127916752054101 21.40
1785127916920919035 21.74
1785127917926494032 22.80
1785127918448018947 26.83
1785127920508017763 24.49
1785127922151651258 23.92
1785127923035066607 23.32
1785127924787342432 23.21
1785127926819515949 22.72
1785127927158950413 24.59
1785127929323478869 22.24
1785127930528413835 23.00
1785127933177446273 21.82
1785127933494344459 24.23
1785127934100163285 26.37
1785127936054172818 24.87
1785127936635776459 24.35
1785127936998748957 25.17
1785127939522730727 22.78
1785127939614588177 25.12
1785127940368406948 26.35
1785127941552964087 25.92
1785127942798764393 26.65
1785127944298412243 27.46
1785127945415589616 26.29
1785127946515426991 27.92
1785127948190871560 27.18
1785127949194968717 29.97
1785127951801969049 26.22
1785127951824976731 27.08
1785127952917570401 28.46
1785127954887398364 26.30
1785127955461307384 26.00
1785127956032727289 29.07
1785127958422836940 25.52
1785127958890235826 25.92
1785127959079130944 27.39
1785127961601421938 25.53
1785127961687084160 27.60
1785127964127237087 25.65
1785127964301723645 26.99
1785127966638293349 26.02
1785127967074162263 26.85
1785127969355697103 27.34
1785127969926894080 26.52
1785127972602545298 24.38
1785127972960821351 26.56
1785127973666228443 26.37
1785127976152951957 23.86
1785127976687112693 26.28
1785127977269776776 26.12
1785127978696313916 24.47
1785127979922949725 26.20
1785127980287513327 25.81
1785127982577543787 26.02
1785127982919599284 25.78
1785127985325100514 25.69
1785127985694296698 25.78
1785127987937719421 25.83
1785127988341703915 26.07
1785127990953168897 26.16
1785127992165082947 24.99
1785127992613189183 25.33
1785127994953835986 25.53
1785127995518646485 25.49
1785127995651294752 26.11
1785127998471049297 24.27
1785127998686162485 25.58
1785127999201952414 25.38
1785128001165754010 25.82
1785128001865776541 25.33
1785128004682875525 24.80
1785128005458562391 24.29
1785128005676781626 27.06
1785128008207385573 24.16
1785128008555916179 27.27
1785128009138860725 28.28
1785128011716261812 25.13
1785128012213227933 27.81
1785128012894551787 27.62
1785128014737565410 25.15
1785128015404904390 28.35
1785128016663022295 26.70
1785128018262925652 25.18
1785128018864819341 27.12
1785128019791620037 26.78
1785128022287862501 27.27
1785128022751321687 27.76
1785128022857806138 27.94
1785128025413061511 27.90
1785128026004494911 27.51
1785128026692247497 27.35
1785128028809713588 28.08
1785128029459634649 27.83
1785128029985713645 28.08
1785128031650331878 28.38
1785128032979731393 27.31
1785128034124272326 27.49
1785128035209177453 28.32
1785128036290762063 27.55
1785128037702224609 26.80
1785128038689672646 29.27
1785128039850368315 28.07
1785128041817229234 25.32
1785128041912187610 29.09
1785128043287016832 27.77
1785128045349708410 25.73
1785128045493718047 28.77
1785128046876699677 27.56
1785128048808990471 25.50
1785128049189329655 27.37
1785128050568428740 27.29
1785128052116455804 26.68
1785128052950787490 27.06
1785128053975091516 27.14
1785128055355648493 27.19
1785128056899944657 26.36
1785128057912792774 26.57
1785128058936124365 28.04
1785128060556740943 25.74
1785128061488391263 26.37
1785128062399994843 28.15
1785128064485253252 25.27
1785128065134737248 26.29
1785128065597324630 28.59
1785128068270234043 25.16
1785128068606432129 26.61
1785128068782040127 28.80
1785128071737908661 25.55
1785128072128084610 26.44
1785128072495253387 28.01
1785128075367413259 25.99
1785128075734983914 26.93
1785128076064482838 28.02
1785128078623772652 26.57
1785128079306861102 26.94
1785128079525967797 28.03
1785128082066717649 27.30
1785128082764984570 27.23
1785128083299193903 27.12
1785128085420563089 27.99
1785128086600036283 26.68
1785128086641156449 26.88
1785128088929812522 27.92
1785128089946271875 26.94
1785128090479923413 26.69
1785128092328334853 28.30
1785128093798086559 26.57
1785128093869943682 26.96
1785128096104863693 27.46
1785128097323894377 26.64
1785128097346602182 26.94
1785128099579975696 27.41
1785128100446084013 27.15
1785128101351937518 26.59
1785128103281411214 26.87
1785128103641158404 28.17
1785128104624819490 26.69
1785128106773198393 26.90
1785128107181576480 27.85
1785128108143274698 27.17
1785128110357908415 26.62
1785128110860142680 28.13
1785128111750062927 26.85
1785128113620692573 27.40
1785128114537370931 27.89
1785128115563895788 26.35
1785128117536857432 26.73
1785128117734260149 27.76
1785128118825606989 27.47
1785128121275269940 26.68
1785128121289398369 27.20
1785128122103999090 27.46
1785128124663896129 26.83
1785128125023988222 26.90
1785128125837264048 27.13
1785128128343273289 26.69
1785128128417789724 27.34
1785128129496099451 27.05
1785128131664748237 26.60
1785128131700671085 27.97
1785128132888287656 27.71
1785128135101141184 27.33
1785128135385306966 27.19
1785128136534692498 27.10
1785128138495777275 27.87
1785128138924726612 27.22
1785128140104765218 26.67
1785128142149855328 27.45
1785128142482711728 27.49
1785128143550055761 27.10
1785128146046689442 27.11
1785128146227252825 26.95
1785128146457291520 28.30
1785128149345289096 27.15
1785128149797831769 26.52
1785128150386884622 27.43
1785128152997930691 26.82
1785128153735444959 26.16
1785128153804981014 27.79
1785128156473241009 26.70
1785128157325720534 26.09
1785128157410859967 27.74
1785128159657509819 27.42
1785128160813815882 26.19
1785128161341855262 26.98
1785128163278391787 27.86
1785128164399936565 26.41
1785128164809850970 26.15
1785128166498803412 27.98
1785128168154530482 26.15
1785128168232203515 26.90
1785128169741069938 28.67
1785128171820827387 26.54
1785128171856873612 26.59
1785128173527592528 28.15
1785128175062332382 27.06
1785128175419159962 26.65
1785128177192643836 27.37
1785128178818079729 26.66
1785128178836431265 27.44
1785128180365212865 28.09
1785128182123428056 27.08
1785128182192434367 27.61
1785128183795111283 27.75
1785128185640349332 27.45
1785128185733361444 27.43
1785128187558078733 26.94
1785128189170747458 27.67
1785128189550082100 27.13
1785128190913840840 27.61
1785128192694361748 27.22
1785128193382756292 26.72
1785128194328337569 28.01
1785128196286327021 27.48
1785128196814657599 26.70
1785128197576250663 27.89
1785128199221680130 28.07
1785128200929057866 25.62
1785128201189169844 27.60
1785128202571255848 28.35
1785128204500067521 25.58
1785128204911033398 27.66
1785128205864230795 28.75
1785128208174243717 25.77
1785128208373803572 27.49
1785128209065516386 29.32
1785128211537825835 26.44
1785128212118839746 26.98
1785128212743091110 29.17
1785128214864394943 26.59
1785128215897849624 26.20
1785128215915014669 28.75
1785128218204715321 27.78
1785128219334180133 26.45
1785128219463936203 28.41
1785128221473269304 28.28
1785128223086442258 26.41
1785128223398017766 27.38
1785128224881269952 28.73
1785128226584392975 26.36
1785128226888257783 26.93
1785128228608912066 28.12
1785128230309342644 26.39
1785128230412751452 27.17
1785128231852508486 28.26
1785128233484010193 27.29
1785128234064645603 26.45
1785128235756953426 27.35
1785128236809986416 27.47
1785128238034923259 25.85
1785128239393154417 26.79
1785128240012624423 28.36
1785128241083704930 27.14
1785128243046102438 26.42
1785128243501445545 28.37
1785128244557365561 27.17
1785128246527389805 26.79
1785128247506140776 27.91
1785128248084792116 27.16
1785128250374898496 25.91
1785128251126257925 27.21
1785128251493105589 27.54
1785128254003202630 26.31
1785128254542665233 27.07
1785128255159116824 28.03
1785128257203307751 26.95
1785128257431251945 27.56
1785128259161767507 26.55
1785128260223891280 27.94
1785128260693400879 27.92
1785128263216435584 25.72
1785128263552959695 28.19
1785128264302815013 28.58
1785128266814223160 25.63
1785128267327949120 28.31
1785128267468911857 29.37
1785128270298394930 25.52
1785128270521632984 29.06
1785128271274705668 28.69
1785128273672660538 25.93
1785128273684585226 29.12
1785128275283676871 26.89
1785128277230666360 26.56
1785128277268590534 28.16
1785128278683286108 26.68
1785128280517202401 27.74
1785128281106934918 27.34
1785128282150908667 26.89
1785128284475491561 27.18
1785128284573732745 27.83
1785128285651277154 26.40
1785128287956161518 27.18
1785128287981472919 27.49
1785128289426929066 26.44
1785128291512318734 26.91
1785128291688673715 26.66
1785128292731200800 27.51
1785128295071555752 26.90
1785128295335932374 26.57
1785128296020217311 27.69
1785128298569106390 26.59
1785128298660892658 27.34
1785128299812942797 27.18
1785128302037906917 27.33
1785128302376797507 26.96
1785128303230024589 27.31
1785128305187659552 27.86
1785128305986352630 26.66
1785128306678610075 27.82
1785128308629746188 28.04
1785128309464806818 27.00
1785128310122333863 27.60
1785128312304392976 27.85
1785128313194399799 26.88
1785128313238338100 27.88
1785128315858456326 27.76
1785128316291841266 27.22
1785128317119484581 27.74
1785128319805300864 27.02
1785128319896363170 27.40
1785128320725191402 27.44
1785128322902467833 27.10
1785128323301664512 27.72
1785128324430532667 27.04
1785128326204760470 27.31
1785128327026142988 27.33
1785128328395827613 26.27
1785128329809819638 27.42
1785128330350836745 27.98
1785128331663993511 26.05
1785128333346835447 27.45
1785128334343790655 26.59
1785128334920177597 26.97
1785128336770632766 28.29
1785128337904609925 26.65
1785128338386361714 27.18
1785128340103194541 27.91
1785128342064455429 25.58
1785128342152004449 27.09
1785128343357898330 27.98
1785128345739185276 25.65
1785128345952303695 27.34
1785128346627235153 28.54
1785128349548138186 25.00
1785128349554604658 26.83
1785128349712250099 29.33
1785128353182335954 25.48
1785128353191707606 26.27
1785128353269700600 29.09
1785128356395696276 25.96
1785128357009867918 25.77
1785128357270310266 27.96
1785128359544311391 27.46
1785128360681785837 25.90
1785128360880241120 27.39
1785128363041637709 27.74
1785128364267892871 26.21
1785128364596678289 26.71
1785128366349769353 28.57
1785128367890454897 26.18
1785128368084347846 26.13
1785128370426430392 27.84
1785128370712135104 27.40
1785128371613973915 26.17
1785128373983381918 27.29
1785128374290809854 27.78
1785128375456315658 26.39
1785128377341564308 26.97
1785128377997148822 27.72
1785128379040502439 26.43
1785128380496099228 27.50
1785128381409237447 28.00
1785128382685743824 26.54
1785128383773865302 27.55
1785128385079223453 27.93
1785128386263178951 26.40
1785128387446020661 28.20
1785128388507504084 26.97
1785128389899860101 26.25
1785128390527737972 29.01
1785128392281299282 26.68
1785128393459644164 26.66
1785128393636913575 29.46
1785128395784382486 26.99
1785128397000264387 26.73
1785128397227412556 28.69
1785128398643263529 27.85
1785128401003296762 26.20
1785128401159728439 27.61
1785128402411917755 27.69
1785128404323580423 26.58
1785128404653056554 27.90
1785128406497746507 26.68
1785128407573525904 27.16
1785128408324705835 26.97
1785128410277199950 26.67
1785128411130436049 27.16
1785128411512682837 26.85
1785128413991925575 26.36
1785128414227665596 27.86
1785128415322613366 26.53
1785128417367917235 25.63
1785128417958465414 28.31
1785128418842503479 27.15
1785128420514947972 26.51
1785128421339907274 28.21
1785128422822055690 26.42
1785128423566375755 28.12
1785128425193124349 27.24
1785128426085636113 27.03
1785128426805885456 29.04
1785128428983687296 26.89
1785128429667156010 26.44
1785128430253176696 29.52
1785128432664365395 26.04
1785128432788187066 27.48
1785128433947087630 28.95
1785128436193367200 26.32
1785128436214655145 27.63
1785128437852100198 27.69
1785128439803570414 26.00
1785128440085156735 27.80
1785128441401329701 26.91
1785128443290378330 26.52
1785128443617679931 27.38
1785128444938404070 26.47
1785128447053844103 26.56
1785128447146137185 27.46
1785128448472287033 26.35
1785128450172432323 27.42
1785128450682167762 26.82
1785128452010481660 26.57
1785128453717345011 27.39
1785128454413535395 26.38
1785128455036940845 27.93
1785128456744200224 28.33
1785128457145359495 28.14
1785128459497760837 26.52
1785128461892597269 25.80
1785128464304595500 23.20
1785128466752935477 22.00
1785128469214028269 21.66
1785128471697822268 19.55
1785128474022313629 18.79
1785128476396025763 18.30
1785128478898507639 17.01
1785128481379288965 16.34
1785128483832283208 15.94
1785128486278721695 15.06
1785128488787549276 14.22
1785128491105265652 13.97
1785128503195552436 10.42
1785128503197040527 10.98
1785128503198384202 11.62
1785128503199915662 12.34
1785128503201196436 13.17
