1785125444305650205
1785125446338928266
1785125447860435069
1785125453180494748
1785125453484392842
1785125454734060975
1785125455560504485
1785125456757559778
1785125457732069201
1785125461026170468
1785125462152661594
1785125463043277718
1785125463046214915
1785125465068705497
1785125467618265000
1785125468564013411 19.79
1785125469051102182 21.13
1785125470086927569 21.60
1785125472112694234 25.35
1785125473859645799 23.56
1785125475668702748 22.93
1785125475953486224 23.54
1785125477979427688 22.62
1785125480014561388 21.54
1785125482358916102 22.50
1785125483829182583 22.14
1785125483933661691 22.98
1785125485447854251 21.43
1785125486458388716 22.44
1785125486870608576 24.93
1785125487974877834 24.73
1785125488390491592 24.82
1785125490881093799 23.08
1785125492909505415 23.08
1785125494424929063 23.34
1785125496550202423 22.99
1785125499206081558 20.64
1785125501282475506 20.60
1785125501917755421 21.91
1785125503254625514 22.97
1785125503859284806 23.96
1785125505797064081 21.95
1785125506407966998 22.90
1785125507713349321 22.58
1785125508325908218 22.37
1785125508943501508 22.89
1785125509768217911 22.45
1785125510978986013 23.88
1785125512863847956 24.05
1785125514444590993 23.98
1785125516502213485 24.06
1785125516665348883 27.49
1785125518527147925 27.83
1785125520563122813 25.74
1785125522586020710 24.83
1785125523676070265 24.22
1785125524609712301 25.51
1785125525771182358 24.79
1785125526678723237 25.31
1785125528345494765 23.98
1785125529297391479 23.58
1785125529474298353 24.36
1785125531386624653 23.52
1785125532934476936 23.92
1785125535026201816 23.32
1785125537062914988 23.35
1785125538583441813 21.90
1785125540651895072 21.70
1785125543277694956 21.13
1785125544317196514 22.09
1785125545329238564 22.17
1785125545576777024 22.89
1785125547365486746 22.23
1785125548512446581 21.98
1785125548643173857 23.65
1785125550398999950 22.75
1785125550553812967 22.77
1785125552594967411 22.63
1785125554114939149 22.66
1785125556135126908 22.74
1785125558169484943 22.74
1785125558391206735 24.23
1785125559918584034 24.91
1785125560202261188 28.36
1785125563066477073 25.60
1785125565224611753 24.13
1785125565693421860 23.86
1785125567301788199 24.08
1785125567733159771 24.97
1785125569756876417 22.73
1785125569855623662 24.67
1785125571820505724 22.57
1785125573000498096 23.52
1785125573851132517 24.32
1785125575502814898 24.78
1785125575878629841 27.10
1785125578463901601 23.91
1785125580505297856 23.32
1785125581206716822 22.85
1785125583551804320 23.43
1785125583785597124 25.86
1785125585193900771 24.61
1785125588179263999 22.99
1785125588584072402 23.02
1785125590734928554 22.88
1785125591405989088 22.27
1785125591614617380 24.25
1785125592763006569 24.29
1785125594488890176 23.26
1785125597348933442 21.97
1785125598020647332 21.68
1785125598868876698 23.52
1785125599542742739 25.21
1785125602884373245 22.14
1785125607123047673 20.36
1785125607195793102 20.50
1785125607694271957 21.33
1785125608770998559 23.31
1785125610279342724 22.12
1785125611209071612 23.44
1785125612492360428 22.76
1785125612906896852 22.54
1785125614310735242 22.28
1785125615029383840 23.37
1785125615827320644 25.98
1785125618093575974 23.91
1785125622124691389 20.64
1785125622379413731 21.02
1785125623648317945 23.12
1785125627755888894 23.26
1785125628029123058 23.04
1785125628127696018 23.49
1785125630923624748 21.67
1785125631079902131 23.08
1785125631193144581 24.02
1785125632958754132 23.45
1785125633721078056 23.06
1785125634984251908 23.22
1785125637695401005 21.18
1785125638082262284 21.57
1785125639601665252 22.32
1785125642831333677 23.18
1785125643788120509 22.42
1785125645409229151 22.06
1785125645822789993 26.57
1785125647910655287 24.14
1785125648461423881 23.61
1785125649940353728 25.24
1785125650940692515 24.17
1785125653468352926 21.55
1785125653642188782 23.21
1785125655155698775 22.39
1785125657706561080 21.12
1785125659792676104 21.72
1785125660934311226 21.00
1785125661843179911 21.58
1785125663464257149 23.26
1785125663867824644 23.90
1785125665388339139 24.03
1785125669650124644 20.14
1785125669982344105 21.75
1785125670057227484 22.23
1785125672596569713 21.19
1785125673029136043 21.73
1785125674123248004 23.24
1785125675561382471 21.90
1785125676689432811 22.29
1785125677385202479 24.39
1785125678737049468 25.34
1785125678912193321 26.70
1785125680755623352 25.38
1785125683976732340 23.40
1785125684863221771 22.86
1785125686383441454 22.86
1785125689395682662 24.31
1785125690678511037 23.19
1785125691447807146 22.44
1785125692337700554 24.31
1785125694872557411 21.97
1785125694908145942 23.09
1785125695020999145 24.67
1785125696907117201 23.74
1785125697450283548 23.92
1785125700137299670 22.43
1785125700461822034 22.27
1785125701970332282 22.63
1785125704006091471 23.96
1785125704720312809 24.17
1785125707522407943 22.71
1785125709805316641 23.52
1785125710053756326 24.77
1785125711694607598 23.71
1785125711829996473 24.63
1785125715631097774 23.12
1785125715735968747 23.05
1785125717661942689 21.20
1785125717757025082 23.02
1785125719727414839 21.55
1785125720437672918 23.64
1785125721745768586 22.55
1785125722993177691 22.83
1785125724293230236 23.66
1785125725812508777 22.76
1785125727837091552 23.63
1785125731339626849 22.29
1785125731996086403 21.88
1785125733368268269 22.15
1785125735409612470 20.36
1785125736189613555 23.35
1785125737986434328 21.57
1785125738043250342 23.55
1785125740320874837 21.27
1785125740553727257 23.05
1785125740614373806 23.79
1785125742348129904 23.30
1785125742571404027 24.52
1785125746384166695 21.73
1785125748423036060 21.23
1785125749653450871 22.00
1785125751823002419 23.43
1785125752860671891 23.01
1785125753071331610 24.36
1785125754344809759 25.35
1785125755108780621 25.37
1785125757640775541 24.42
1785125758448647896 23.52
1785125758948712699 25.77
1785125760992685995 23.48
1785125762008973595 22.44
1785125764040547371 22.13
1785125766119382930 20.38
1785125766346755891 24.04
1785125768179046489 24.30
1785125770440229315 23.09
1785125770712168145 25.41
1785125772497300342 24.44
1785125774150276589 22.77
1785125774530303532 23.78
1785125777319306307 21.61
1785125778060221468 23.51
1785125780061909083 22.21
1785125782895516195 20.04
1785125783109570528 21.70
1785125783175298726 22.68
1785125785258197221 22.62
1785125785949143557 24.21
1785125787285076679 22.92
1785125789292166186 22.73
1785125790809068970 23.57
1785125794056191862 20.56
1785125794420399874 21.89
1785125795165922048 22.84
1785125796480437170 21.87
1785125798501926495 22.66
1785125801128570357 20.81
1785125801241912321 22.66
1785125802828730035 24.08
1785125804252826825 22.70
1785125804327194990 22.69
1785125805359102810 23.88
1785125806264173646 23.63
1785125808291280587 22.85
1785125810302258358 22.85
1785125812333057459 22.30
1785125814540101342 23.43
1785125816120280562 22.12
1785125816614402786 22.38
1785125817180373010 23.19
1785125819200448215 23.19
1785125820802575317 24.40
1785125822207499298 22.89
1785125823095317115 23.68
1785125824901594919 23.25
1785125825624723132 22.54
1785125826926039529 22.26
1785125827290427596 22.83
1785125830325652908 21.78
1785125832019831974 22.10
1785125832369151266 23.96
1785125833886882571 24.81
1785125835944541017 24.21
1785125837264755914 23.24
1785125838482351270 22.53
1785125838719090720 24.59
1785125840745065220 24.07
1785125841524281173 24.85
1785125843825236745 23.15
1785125844408938346 24.61
1785125845167275792 24.56
1785125847514602475 23.31
1785125847731453016 23.48
1785125847862254601 27.37
1785125849812205561 26.98
1785125849941173342 27.32
1785125851880889070 26.68
1785125853949077813 26.66
1785125855220335055 26.73
1785125856013510754 27.38
1785125857312983594 25.81
1785125857840925356 28.08
1785125859381805880 26.88
1785125860301996792 29.13
1785125861420051606 28.22
1785125862849536300 27.15
1785125863269460640 30.47
1785125864916368361 27.93
1785125866301395721 26.03
1785125867108392430 27.75
1785125867455266837 27.41
1785125869527849360 27.20
1785125870668605056 28.71
1785125871551545826 29.39
1785125872312517169 29.45
1785125873576750890 29.51
1785125874701899736 28.47
1785125875739223111 29.34
1785125878685916455 26.11
1785125879284674559 26.87
1785125879350648990 29.09
1785125882409271961 25.08
1785125883247015344 26.19
1785125886320612580 23.98
1785125886514686903 24.73
1785125887380408829 24.09
1785125889914415919 23.54
1785125890555101764 24.14
1785125894403025162 21.01
1785125894596825366 21.54
1785125895399838457 22.00
1785125897356350929 21.19
1785125898609857128 20.99
1785125899895251042 22.63
1785125901291306009 21.81
1785125902135321787 21.07
1785125904846262072 21.39
1785125906195240779 20.92
1785125908316391990 21.82
1785125909773505309 20.64
1785125910848714303 20.45
1785125911792174495 21.94
1785125914296232864 20.22
1785125915852208767 22.38
1785125917025525920 21.40
1785125919041413018 20.30
1785125919204896794 21.97
1785125921738945849 20.75
1785125922056427479 21.66
1785125924943365773 20.29
1785125925602620869 20.45
1785125927258387217 21.42
1785125930089185023 20.09
1785125930127499034 22.01
1785125932652689831 20.98
1785125933015178079 21.65
1785125934534172983 21.11
1785125937179928620 20.98
1785125938142994266 21.53
1785125940237373975 20.68
1785125942204636598 20.72
1785125942739367201 20.40
1785125944789558418 20.82
1785125945237944562 20.71
1785125948002836751 20.82
1785125948750907310 20.74
1785125950031330757 21.08
1785125952553197076 21.37
1785125953715900245 20.35
1785125955733715617 20.80
1785125956596929819 20.35
1785125957437188697 20.96
1785125959730569860 21.29
1785125960658822703 21.32
1785125964105538497 20.11
1785125964229270663 21.79
1785125965583874007 21.01
1785125966165612102 22.46
1785125968623914404 20.53
1785125970733811971 21.12
1785125972189407598 20.48
1785125973704704945 20.28
1785125975635858047 20.79
1785125976406708622 21.15
1785125977655091998 21.90
1785125979322491061 21.12
1785125981606140821 19.86
1785125981852758116 21.70
1785125984381268358 20.23
1785125985960819850 21.96
1785125987925220147 20.26
1785125988501608634 20.94
1785125989107845293 20.92
1785125992445260070 20.15
1785125992942698670 21.61
1785125995142648520 20.91
1785125997013091297 20.59
1785125997345945583 22.11
1785125999370367998 20.90
1785126000036172612 21.45
1785126003315114429 20.01
1785126003670552532 21.75
1785126005192688991 20.57
1785126007741016238 20.55
1785126008242689752 21.54
1785126010273033399 21.48
1785126010815190592 21.51
1785126013379078338 19.78
1785126014202795353 22.06
1785126016071267822 20.75
1785126018923171407 20.18
1785126019088705801 21.74
1785126021506327826 19.87
1785126021629770632 21.56
1785126024167146544 19.89
1785126025164462608 21.97
1785126026578650222 20.95
1785126029625327038 19.65
1785126030192588113 21.38
1785126032179117050 20.05
1785126032731982435 21.37
1785126034372323340 20.38
1785126036191737199 21.04
1785126037418382393 20.68
1785126039769420209 20.25
1785126041152471478 21.59
1785126042482542984 20.52
1785126044092162987 21.25
1785126045902620737 19.78
1785126047536788018 20.54
1785126048157814990 20.88
1785126048430468225 21.97
1785126052578299055 20.91
1785126052718803389 21.31
1785126053129653742 22.91
1785126055036461452 21.52
1785126055324043184 22.91
1785126058435981514 21.58
1785126058520708528 22.75
1785126058578711009 25.52
1785126060504469534 24.80
1785126062283582986 24.24
1785126063544445554 24.68
1785126063609713546 27.11
1785126064854297693 27.72
1785126066168889433 26.65
1785126067449133811 25.24
1785126067640581429 31.87
1785126068696825383 30.04
1785126070030344278 28.40
1785126071551107892 29.07
1785126072562302287 27.85
1785126073569128941 31.72
1785126075559088258 28.17
1785126075774306891 27.91
1785126077574923175 28.12
1785126080414891214 26.47
1785126082866290028 24.84
1785126085393158043 22.04
1785126088234822352 20.53
1785126090694753540 19.57
1785126093215907639 18.63
1785126096574282930 16.59
1785126099035137543 15.82
1785126101053944953 15.47
1785126104920349805 14.38
1785126107350887919 13.80
1785126109369455160 13.41
1785126112281208101 13.07
1785126115611400624 12.05
1785126117627717164 11.98
1785126120452778215 11.99
1785126122919923805 11.98
1785126125435316265 11.99
1785126128802164210 11.83
1785126131272930143 11.83
1785126133791694680 11.83
1785126136656437186 11.98
1785126139096883303 11.98
1785126141617931688 11.83
1785126144541627507 12.11
1785126147907972038 11.84
1785126150350869415 11.71
1785126152373948447 11.97
1785126155730571542 11.96
1785126157746785287 11.96
1785126160703295802 11.93
1785126163592458282 11.80
1785126165954397700 11.85
1785126168505566504 12.09
1785126171272914656 12.00
1785126173292212960 12.15
1785126176127607849 12.16
1785126178524422778 12.17
1785126180612835987 12.31
1785126182911679637 12.51
1785126185348278097 12.82
1785126187791071584 12.82
1785126190282141798 12.66
1785126192569306528 13.03
1785126195012238675 12.88
1785126206405339117 10.50
1785126206407056912 11.21
1785126206408383520 11.87
1785126206409627101 12.66
1785126206410791459 13.66
