1785375492919293725
1785375493235846923
1785375496169391305
1785375496169383168
1785375498228678828
1785375498723481373
1785375502057489204
1785375502057484120
1785375504490588586
1785375504875715115
1785375507959633117
1785375508464754341
1785375510107315170
1785375510349601351
1785375514018553696
1785375514256123480
1785375515970479482
1785375516230759801
1785375518770622606
1785375519276587526
1785375520144426515
1785375520650344076
1785375524220755526
1785375524725912293
1785375525595209658
1785375526101809317
1785375529152882088
1785375529656543301
1785375530806942784
1785375531570829712
1785375535582910353
1785375535673531357
1785375536571425864
1785375536758301627
1785375539175128954
1785375539763001248
1785375541530782458
1785375541747231354
1785375544857414382
1785375545542437947
1785375546705358516
1785375547211332991
1785375550529657305
1785375550529976291
1785375552380483269
1785375553096728383
1785375555834805961
1785375556140469141
1785375557297397352
1785375557962071629
1785375560371706464
1785375560585005911
1785375562545554074 3.33
1785375563184439719 3.32
1785375566252928248 3.70
1785375566760226661
1785375568612618346 3.80
1785375568907535328 3.80
1785375571844443114 4.12
1785375572353366959
1785375573325065046 5.97
1785375574030014321 5.94
1785375576970373086 5.94
1785375577477811635 5.90
1785375578450424132 5.98
1785375579419005769 5.95
1785375582137224924 5.99
1785375582283631361 5.98
1785375583703033018 6.06
1785375583703254539 6.09
1785375589129404978 5.91
1785375589312500855 5.94
1785375593128190727 5.78
1785375594441753895 5.71
1785375599906145275 5.59
1785375600452944773 5.57
1785375603491374731 5.48
1785375604086108581 5.46
1785375609773426072 5.27
1785375610663173934 5.25
1785375614358080643 5.09
1785375614499311147 5.11
1785375618991836405 5.06
1785375619949921270 5.04
1785375623338201879 4.91
1785375624513061118 4.88
1785375634674331901 4.55
1785375635210284252 4.55
1785375640429579293 4.38
1785375642940426654 4.31
1785375652014821459 4.12
1785375653420367924 4.08
1785375659006148041 3.92
1785375660290319496 3.89
1785375670403322533 3.66
1785375671232527399 3.65
1785375677027659966 3.54
1785375678719455058 3.50
1785375688057311668 3.35
1785375689780022634 3.33
1785375695437196291 3.23
1785375696905706065 3.21
1785375706474641858 3.08
1785375707809839588 3.05
1785375713679518540 2.98
1785375714763718627 2.97
1785375724520661720 2.85
1785375725617283954 2.83
1785375731022375706 2.76
1785375732822146562 2.75
1785375742302835161 2.64
1785375744210462044 2.61
1785375749894784577 2.56
1785375750482686201 2.56
1785375761077253690 2.46
1785375761771730495 2.46
1785375767290540427 2.42
1785375769639116119 2.39
1785375778354495399 2.32
1785375780671418326 2.30
1785375786442469166 2.25
1785375786882978700 2.26
1785375797588082439 2.18
1785375798111140474 2.18
1785375803859940555 2.13
1785375805716247800 2.12
1785375815016433175 2.06
1785375816958473151 2.05
1785375822513831540 2.01
1785375823404678531 2.00
1785375833584751271 1.96
1785375834715134754 1.96
1785375840280412303 1.94
1785375841926393941 1.94
1785375851625515052 1.91
1785375852594256857 1.90
1785375861977675987 1.86
1785375864533644999 1.84
1785375882795964072 1.76
1785375885459922429 1.75
1785375896015230979 1.70
1785375898542515015 1.69
1785375916863439354 1.61
1785375919428168145 1.60
1785375929816436297 1.57
1785375932505852921 1.56
1785375950753368292 1.52
1785375953535616510 1.51
1785375964152940610 1.48
1785375966855437808 1.48
1785375985185535644 1.44
1785375987868348113 1.44
1785375998249373458 1.41
1785376000829642445 1.41
1785376020667596592 1.37
1785376020668051930 1.37
