1785376992189932797 0.36
1785376992931048285 0.37
1785376994232157346 0.37
1785377001556160080
1785377003875848898 0.37
1785377007137179906 0.37
1785377009149649819 0.37
1785377009255344443
1785377011043639195 0.37
1785377013426831734 0.37
1785377014586105321 0.37
1785377015427764708
1785377016891084248 0.37
1785377017433527989 0.37
1785377018643499081 0.38
1785377021028675751
1785377021893391663 0.38
1785377026797834772 0.38
1785377027183834399 0.38
1785377029715115611
1785377032047129914 0.38
1785377032418592889 0.38
1785377033820087923 0.38
1785377036352711370
1785377036439252257 0.38
1785377036570605889 0.38
1785377039935286547 0.39
1785377040063479060
1785377043494965026 0.39
1785377043747545539 0.39
1785377048210434960 0.39
1785377048222902270
1785377049707855307 0.39
1785377052699696339 0.39
1785377053115545973 0.39
1785377053129271705
1785377055880621643 0.39
1785377055963726703 0.40
1785377056409586096 0.40
1785377059168563721
1785377059753502047 0.40
1785377062406251070 0.40
1785377063151610128 0.41
1785377066207268656
1785377068012783153 0.41
1785377070562069212 0.41
1785377072011922322 0.42
1785377072395437242
1785377074097308825 0.42
1785377076424793107 0.42
1785377077964848460 0.43
1785377078025943098
1785377078668500737 0.43
1785377080816730249 0.43
1785377082170171283 0.44
1785377083418989355
1785377085859685706 0.44
1785377086972640172 0.44
1785377091278716294 0.45
1785377091284342852
1785377091607762797 4.83
1785377095807994106 4.67
1785377095989091923 4.72
1785377096146747299 5.07
1785377099206488008 5.04
1785377099343292141 5.21
1785377099382101964 5.32
1785377102692263628 5.14
1785377102879054480 5.23
1785377106763072164 5.14
1785377106945506032 5.20
1785377110947022276 5.03
1785377112090189500 5.04
1785377112207063485 5.06
1785377114747281218 4.99
1785377115980152550 5.06
1785377117037515695 5.04
1785377117854260746 5.27
1785377118271954123 5.27
1785377120143131691 5.31
1785377120756142976 5.41
1785377122967565696 5.30
1785377123847456344 5.33
1785377127046111045 5.29
1785377128216434225 5.23
1785377130925271399 5.09
1785377131575413209 5.24
1785377132335143871 5.20
1785377134530593494 5.27
1785377136001950553 5.20
1785377136050028750 5.46
1785377137338491452 5.39
1785377139050665331 5.37
1785377139370978128 5.54
1785377143065532421 5.34
1785377144294642399 5.27
1785377147124700705 5.26
1785377147715269802 5.23
1785377149123328291 5.18
1785377151490133735 5.20
1785377151575637504 5.23
1785377153447605884 5.27
1785377155611753806 5.19
1785377155986530899 5.35
1785377157842774823 5.34
1785377159828120162 5.38
1785377159914259214 5.46
1785377161763101296 5.37
1785377163746246765 5.35
1785377164058622792 5.48
1785377165178045433 5.50
1785377168324608010 5.32
1785377168671100965 5.33
1785377169455066423 5.42
1785377171886522644 5.35
1785377172819900534 5.37
1785377173368934218 5.49
1785377175241390963 5.44
1785377176940527252 5.60
1785377178324203488 5.51
1785377178432747483 5.53
1785377180202504817 5.69
1785377181658753388 5.60
1785377183062329600 5.52
1785377184512522534 5.63
1785377184561705457 5.63
1785377187208042769 5.47
1785377187612532151 5.65
1785377189088158710 5.57
1785377190752251934 5.72
1785377191805023940 5.66
1785377193552219946 5.81
1785377193737933659 5.88
1785377196020798697 5.73
1785377197652051081 5.79
1785377198637583934 5.81
1785377200330668857 5.76
1785377200826177055 5.79
1785377204001976250 5.60
1785377204306295858 5.70
1785377204897466396 5.70
1785377207581835916 5.67
1785377209228931438 5.62
1785377209935227758 5.79
1785377210835993181 5.81
1785377214342494001 5.75
1785377214441381525 5.79
1785377214448854171 5.85
1785377218454888948 5.72
1785377218682967658 5.81
1785377218892412262 5.79
1785377222424189190 5.64
1785377223436040029 5.69
1785377223503393538 5.71
1785377225711019297 5.81
1785377226880364378 5.81
1785377227227599503 5.99
1785377228535489369 5.94
1785377229673232132 5.96
1785377230495170455 6.08
1785377232682393639 5.92
1785377234903796334 5.89
1785377236236144005 5.95
1785377237957118695 5.86
1785377239685051885 5.86
1785377240291789302 5.97
1785377241089680003 5.91
1785377243172480577 5.90
1785377243470205291 6.02
1785377243868175776 6.01
1785377246610522868 5.89
1785377247952760745 6.03
1785377250403551706 5.87
1785377251584346629 5.84
1785377252906853956 5.92
1785377254567195607 5.87
1785377255302598942 5.86
1785377256471111668 5.91
1785377259110350448 5.84
1785377259721466634 5.90
1785377260829923727 5.83
1785377263195906630 5.78
1785377263766641332 5.85
1785377265859202979 5.80
1785377266132160882 5.88
1785377268408240284 5.72
1785377269272504195 5.85
1785377271038833881 5.75
1785377272501356054 5.75
1785377273054236500 5.83
1785377275639744249 5.73
1785377275945636310 5.83
1785377277513179176 5.73
1785377278954811095 5.79
1785377280063916059 5.82
1785377282088581495 5.75
1785377282269879142 5.86
1785377284000924105 5.77
1785377285648463897 5.88
1785377286896182571 5.81
1785377288750217325 5.72
1785377288892891428 5.90
1785377291085316530 5.86
1785377292489217943 5.81
1785377292967119184 5.84
1785377294803942906 5.97
1785377295454868562 5.92
1785377297688102456 5.77
1785377298897313431 5.97
1785377298906189837 5.98
1785377302431363441 5.75
1785377302497014353 5.99
1785377303594680727 5.99
1785377305836414643 5.83
1785377307564575003 5.86
1785377307893283940 5.92
1785377308644160925 5.90
1785377311921459631 5.76
1785377311926227254 5.84
1785377312202829179 5.87
1785377315379686303 5.80
1785377316335535254 5.89
1785377317209296712 5.93
1785377319044144187 5.92
1785377320367641023 5.95
1785377322060047409 5.87
1785377323978899850 5.79
1785377324216457563 5.92
1785377325522308972 5.85
1785377327676912404 5.73
1785377327765441398 5.91
1785377328363827252 5.97
1785377331580442915 5.91
1785377331921789108 5.97
1785377336089407656 5.77
1785377336216986643 5.88
1785377336427996259 5.92
1785377340253547650 5.73
1785377340296378364 5.91
1785377340638749346 5.93
1785377343631522331 5.80
1785377344583012024 5.90
1785377344948509402 5.91
1785377348766220192 5.79
1785377349391817918 5.77
1785377350373395415 5.92
1785377350373395204 5.86
1785377352779830568 5.87
1785377353097701724 5.96
1785377354773789102 5.87
1785377357327746952 5.88
1785377357350750735 5.90
1785377358111886034 5.96
1785377361774019838 5.80
1785377361789751961 5.87
1785377361888278754 6.02
1785377365483561663 5.77
1785377366287071815 5.83
1785377366593102218 5.93
1785377370807189933 5.72
1785377371287084132 5.82
1785377371568544145 5.96
1785377371568544136 5.81
1785377375385174078 5.79
1785377376111704961 5.77
1785377377399444247 5.81
1785377380273206324 5.66
1785377380499674988 5.80
1785377380499673724 5.88
1785377380746993126 5.87
1785377383698406896 5.91
1785377384530833747 5.85
1785377385983519462 5.83
1785377387167859492 5.90
1785377389213944539 5.88
1785377390275152391 5.83
1785377390822244041 5.84
1785377394476652034 5.81
1785377394526078202 5.81
1785377394564786160 5.83
1785377398550901229 5.77
1785377399276686244 5.79
1785377399502040684 5.83
1785377404231871071 5.63
1785377404375623414 5.71
1785377404630081299 5.95
1785377404630081285 5.81
1785377408091388681 5.72
1785377408666064864 5.77
1785377409217806159 5.89
1785377413788386345 5.58
1785377413908707132 5.61
1785377414193908704 5.81
1785377414194022074 5.83
1785377417631397345 5.89
1785377417887385559 5.88
1785377418876155984 5.82
1785377420854648046 5.96
1785377421897420794 5.88
1785377422662358379 5.85
1785377425698501967 5.85
1785377427416499894 5.79
1785377427430998573 5.82
1785377429402194186 5.95
1785377431213885598 5.87
1785377432848054908 5.82
1785377433190316696 5.80
1785377434864847331 5.85
1785377437328911025 5.70
1785377437685199764 5.79
1785377438494113134 5.91
1785377442099882739 5.66
1785377442111252384 5.71
1785377442111388491 5.97
1785377447401641449 5.61
1785377447438896316 5.61
1785377448085002818 5.81
1785377451047166540 5.66
1785377452388393181 5.59
1785377452447018002 5.88
1785377453515119493 5.84
1785377456843946379 5.63
1785377457172683353 5.61
1785377457227542823 5.86
1785377459456275193 5.76
1785377461964464570 5.68
1785377461982876421 5.87
1785377462289058862 5.87
1785377465710515344 5.63
1785377466586113005 5.59
1785377467154346349 5.75
1785377468205438309 5.74
1785377471553139991 5.61
1785377471648684474 5.68
1785377471920933679 5.80
1785377474733709632 5.68
1785377475738287073 5.65
1785377477051998535 5.81
1785377477311255062 5.80
1785377480181406517 5.61
1785377480267857433 5.87
1785377482015670080 5.80
1785377482989083252 5.75
1785377484478707117 5.98
1785377486004320462 5.88
1785377486568044443 5.86
1785377486991402523 5.83
1785377487522012655 6.04
1785377490475281543 5.87
1785377491393282716 5.84
1785377491661145112 6.16
1785377495442181546 5.89
1785377495465700070 5.91
1785377495785288838 5.88
1785377498903720740 5.91
1785377499901288915 5.85
1785377500257255038 5.90
1785377502315862781 5.89
1785377504005495798 5.85
1785377504359077045 5.88
1785377505740365578 6.00
1785377509011467670 5.88
1785377509083689375 5.88
1785377509370825566 6.00
1785377512760793650 5.89
1785377513157152370 5.98
1785377513654895214 5.97
1785377516433427389 5.88
1785377517926733344 5.96
1785377517995180947 5.98
1785377520841942147 5.83
1785377521721640193 6.03
1785377522015600373 6.01
1785377525696949633 5.74
1785377525737546137 6.13
1785377525820135171 6.12
1785377529252574797 5.91
1785377529952481450 6.08
1785377530360001205 6.16
1785377532500319531 6.00
1785377534425310985 5.93
1785377534703670317 6.16
1785377535642994143 6.12
1785377539054860804 5.87
1785377539157266968 6.02
1785377539157745777 6.22
1785377543626404809 5.88
1785377543706773070 5.90
1785377543782158512 6.15
1785377546931136543 5.97
1785377548542032860 5.90
1785377548566285914 5.97
1785377549907362774 6.13
1785377552764881455 5.92
1785377553099590620 5.91
1785377553477210460 6.10
1785377556804054000 5.92
1785377556849941323 6.02
1785377558170166188 5.94
1785377560465457543 5.98
1785377561340949866 5.92
1785377562820835724 5.94
1785377564300510010 5.90
1785377566555850260 5.85
1785377567163185020 5.91
1785377567762289428 5.91
1785377571532711519 5.68
1785377571624061586 5.71
1785377571697150423 5.91
1785377575173345663 5.73
1785377576012572691 5.69
1785377576738113731 5.90
1785377578410416848 5.79
1785377580370372329 5.67
1785377581873059108 5.79
1785377582089969099 5.84
1785377584983655728 5.67
1785377585302604657 5.78
1785377586745200818 5.80
1785377589072714812 5.67
1785377589882939059 5.70
1785377591136674743 5.84
1785377592532906137 5.75
1785377594851970478 5.62
1785377595585354906 5.80
1785377596231528738 5.78
1785377599800693471 5.57
1785377599817522567 5.76
1785377600123230641 5.84
1785377605316419464 5.50
1785377605431113120 5.67
1785377605825609372 5.73
1785377605832399406 5.71
1785377609585399028 5.72
1785377609680436900 5.72
1785377610493551027 5.67
1785377613126320955 5.72
1785377614162109192 5.70
1785377615890697278 5.61
1785377617005321577 5.68
1785377617963761250 5.75
1785377620257600301 5.61
1785377621227493067 5.61
1785377621754459525 5.80
1785377624153507139 5.65
1785377625395495245 5.57
1785377625551848100 5.86
1785377628020910613 5.69
1785377629282386295 5.61
1785377629620438937 5.80
1785377632392300292 5.72
1785377632852675541 5.69
1785377633465597283 5.74
1785377636745693825 5.72
1785377637203179467 5.71
1785377637536574220 5.71
1785377640998082119 5.70
1785377641347597464 5.68
1785377641407624391 5.77
1785377645169799450 5.67
1785377645633306499 5.69
1785377646189561972 5.76
1785377648497843734 5.70
1785377650254176635 5.73
1785377651209234430 5.71
1785377651945868186 5.70
1785377654847885177 5.76
1785377655519083486 5.72
1785377656131213877 5.68
1785377659231143393 5.71
1785377659762406234 5.73
1785377660571280517 5.73
1785377663380761001 5.65
1785377664415635824 5.71
1785377664705658194 5.79
1785377667155566745 5.64
1785377669214340913 5.70
1785377669214340949 5.72
1785377670389921631 5.74
1785377673029760724 5.72
1785377673125661469 5.77
1785377673209466484 5.85
1785377676526539803 5.71
1785377676735654875 5.86
1785377679845211519 5.70
1785377680103469842 5.72
1785377683168330448 5.76
1785377683562078702 5.73
1785377686233909633 5.57
1785377686682135368 5.90
1785377689241352000 5.73
1785377689773172476 5.72
1785377692489746909 5.54
1785377692904172250 5.76
1785377695599516133 5.59
1785377696256395548 5.60
1785377698801602206 5.60
1785377699598319173 5.62
1785377701714207113 5.59
1785377703241857792 5.57
1785377704663071508 5.54
1785377705856410034 5.61
1785377706473948799 5.63
1785377707767105815 5.58
